// Jest Snapshot v1, https://goo.gl/fbAQLP

exports[`Input should renders correctly 1`] = `
<input
  className="input"
  onChange={[Function]}
  placeholder="placeholder"
  type="text"
  value="value"
/>
`;
