// Jest Snapshot v1, https://goo.gl/fbAQLP

exports[`Logo should renders correctly 1`] = `
<div
  className="logo"
>
  ex.netflixroulette
</div>
`;
