// Jest Snapshot v1, https://goo.gl/fbAQLP

exports[`Footer should renders correctly 1`] = `
<div
  className="footer"
>
  <Logo />
</div>
`;
